#-----------------------------------------------------------
# xsim v2025.2.1 (64-bit)
# SW Build 6403652 on Thu Mar 19 19:48:24 GMT 2026
# IP Build 6403511 on Thu Mar 19 12:41:45 MDT 2026
# SharedData Build 6403650 on Thu Mar 19 14:02:13 MDT 2026
# Start of session at: Sun Apr 12 16:40:14 2026
# Process ID         : 22488
# Current directory  : C:/Users/Quan/Desktop/SHAKE256/Implementation/sources/sim
# Command line       : xsim.exe -mode tcl -source {xsim.dir/tb_cov/xsim_script.tcl}
# Log file           : C:/Users/Quan/Desktop/SHAKE256/Implementation/sources/sim/xsim.log
# Journal file       : C:/Users/Quan/Desktop/SHAKE256/Implementation/sources/sim\xsim.jou
# Running On         : DESKTOP-6931452
# Platform           : Windows Server 2016 or Windows 10
# Operating System   : 26200
# Processor Detail   : 12th Gen Intel(R) Core(TM) i5-12450H
# CPU Frequency      : 2496 MHz
# CPU Physical cores : 8
# CPU Logical cores  : 12
# Host memory        : 34046 MB
# Swap memory        : 2147 MB
# Total Virtual      : 36194 MB
# Available Virtual  : 15709 MB
#-----------------------------------------------------------
source xsim.dir/tb_cov/xsim_script.tcl
run -all
